Nothing to build in platform 'keypad_wrapper1'

05:03:19 **** Incremental Build of configuration Debug for project keypad ****
make all 
make --no-print-directory pre-build
a9-linaro-pre-build-step
 
make --no-print-directory main-build
Building file: ../src/helloworld.c
Invoking: ARM v7 gcc compiler
arm-none-eabi-gcc -Wall -O0 -g3 -c -fmessage-length=0 -MT"src/helloworld.o" -mcpu=cortex-a9 -mfpu=vfpv3 -mfloat-abi=hard -I/home/moon/school_stuff/sem14/EE277/labs/vitis_277/keypad_test/keypad_wrapper1/export/keypad_wrapper1/sw/keypad_wrapper1/standalone_ps7_cortexa9_0/bspinclude/include -MMD -MP -MF"src/helloworld.d" -MT"src/helloworld.o" -o "src/helloworld.o" "../src/helloworld.c"
Finished building: ../src/helloworld.c
 
Building target: keypad.elf
Invoking: ARM v7 gcc linker
arm-none-eabi-gcc -mcpu=cortex-a9 -mfpu=vfpv3 -mfloat-abi=hard -Wl,-build-id=none -specs=Xilinx.spec -Wl,-T -Wl,../src/lscript.ld -L/home/moon/school_stuff/sem14/EE277/labs/vitis_277/keypad_test/keypad_wrapper1/export/keypad_wrapper1/sw/keypad_wrapper1/standalone_ps7_cortexa9_0/bsplib/lib -o "keypad.elf"  ./src/helloworld.o ./src/platform.o   -Wl,--start-group,-lxil,-lgcc,-lc,--end-group
Finished building target: keypad.elf
 
Invoking: ARM v7 Print Size
arm-none-eabi-size keypad.elf  |tee "keypad.elf.size"
   text	   data	    bss	    dec	    hex	filename
  23321	   1144	  22600	  47065	   b7d9	keypad.elf
Finished building: keypad.elf.size
 
05:03:20 **** Incremental Build of configuration Debug for project keypad_system ****
make all 
Generating bif file for the system project
Executing command '::scw::generate_bif -xpfm /home/moon/school_stuff/sem14/EE277/labs/vitis_277/keypad_test/keypad_wrapper1/export/keypad_wrapper1/keypad_wrapper1.xpfm -domains standalone_ps7_cortexa9_0 -bifpath /home/moon/school_stuff/sem14/EE277/labs/vitis_277/keypad_test/keypad_system/Debug/system.bif' on XSCT
sdcard_gen --xpfm /home/moon/school_stuff/sem14/EE277/labs/vitis_277/keypad_test/keypad_wrapper1/export/keypad_wrapper1/keypad_wrapper1.xpfm --sys_config keypad_wrapper1 --bif /home/moon/school_stuff/sem14/EE277/labs/vitis_277/keypad_test/keypad_system/Debug/system.bif --bitstream /home/moon/school_stuff/sem14/EE277/labs/vitis_277/keypad_test/keypad/_ide/bitstream/keypad_wrapper4.bit --elf /home/moon/school_stuff/sem14/EE277/labs/vitis_277/keypad_test/keypad/Debug/keypad.elf,ps7_cortexa9_0
creating BOOT.BIN using /home/moon/school_stuff/sem14/EE277/labs/vitis_277/keypad_test/keypad/_ide/bitstream/keypad_wrapper4.bit
Running /opt/Xilinx/Vitis/2022.1/bin/bootgen  -image /home/moon/school_stuff/sem14/EE277/labs/vitis_277/keypad_test/keypad_system/Debug/sd_card_temp/boot.bif -w -o i BOOT.BIN
