05:03:19 **** Incremental Build of configuration Debug for project keypad ****
make all 
make --no-print-directory pre-build
a9-linaro-pre-build-step
 
make --no-print-directory main-build
Building file: ../src/helloworld.c
Invoking: ARM v7 gcc compiler
arm-none-eabi-gcc -Wall -O0 -g3 -c -fmessage-length=0 -MT"src/helloworld.o" -mcpu=cortex-a9 -mfpu=vfpv3 -mfloat-abi=hard -I/home/moon/school_stuff/sem14/EE277/labs/vitis_277/keypad_test/keypad_wrapper1/export/keypad_wrapper1/sw/keypad_wrapper1/standalone_ps7_cortexa9_0/bspinclude/include -MMD -MP -MF"src/helloworld.d" -MT"src/helloworld.o" -o "src/helloworld.o" "../src/helloworld.c"
Finished building: ../src/helloworld.c
 
Building target: keypad.elf
Invoking: ARM v7 gcc linker
arm-none-eabi-gcc -mcpu=cortex-a9 -mfpu=vfpv3 -mfloat-abi=hard -Wl,-build-id=none -specs=Xilinx.spec -Wl,-T -Wl,../src/lscript.ld -L/home/moon/school_stuff/sem14/EE277/labs/vitis_277/keypad_test/keypad_wrapper1/export/keypad_wrapper1/sw/keypad_wrapper1/standalone_ps7_cortexa9_0/bsplib/lib -o "keypad.elf"  ./src/helloworld.o ./src/platform.o   -Wl,--start-group,-lxil,-lgcc,-lc,--end-group
Finished building target: keypad.elf
 
Invoking: ARM v7 Print Size
arm-none-eabi-size keypad.elf  |tee "keypad.elf.size"
   text	   data	    bss	    dec	    hex	filename
  23321	   1144	  22600	  47065	   b7d9	keypad.elf
Finished building: keypad.elf.size
 

05:03:19 Build Finished (took 648ms)

